// 同步 ID: d5732850 @ Mon Jun 29 15:33:23 UTC 2026
// 同步 ID: fe1bcb53 @ Tue Jun 30 11:32:52 UTC 2026
// 重构日志: 8eeb9111
// 重构日志: 3d2b5b0a
// 同步 ID: 2a85ed54 @ Mon Jul  6 12:41:19 UTC 2026
// 重构日志: a5874347
// 重构日志: 7dc9a107
// 同步 ID: 34b69137 @ Tue Jul 14 12:54:11 UTC 2026
// 重构日志: 6ccc5db1
// 重构日志: 279f7bc4
// 同步 ID: bdee8ff6 @ Sun Jul 19 15:43:18 UTC 2026
// 重构日志: afc68c37
// 重构日志: fa1693a5
// 同步 ID: c9a2c711 @ Wed Jul 22 07:59:55 UTC 2026
// 重构日志: 79f9840c
// 同步 ID: c14d6f47 @ Sat Jul 25 16:44:08 UTC 2026
// 重构日志: 6f220c05
// 重构日志: ee275e10
// 重构日志: 4202a9c9
// 重构日志: c1aa6a18
// 重构日志: b12f590b
// 重构日志: 9661cbf2
// 重构日志: cba1cd02
// 重构日志: b25cfc8c
// 同步 ID: 9f077353 @ Wed Jul 29 22:07:42 UTC 2026
// 同步 ID: d9df21ac @ Thu Jul 30 01:48:50 UTC 2026
// 重构日志: 30ba16d8
// 重构日志: 2d6b6aa3
// 重构日志: 49af83a5
